// Jest Snapshot v1, https://goo.gl/fbAQLP

exports[`StableSwap addLiquidity Succeeds with actual pool token amount being within Â±0.1% range of calculated pool token 1`] = `
Object {
  "calldataByteLength": 196,
  "gasUsed": 183753,
}
`;
